../Core/Src/main.c:29:5:main	8	static
../Core/Src/main.c:61:6:SystemClock_Config	88	static
../Core/Src/main.c:102:6:GPIO_Init	64	static
../Core/Src/main.c:124:6:UART2_Init	8	static
../Core/Src/main.c:139:6:TIMER6_Init	8	static
../Core/Src/main.c:150:6:CAN1_Init	8	static
../Core/Src/main.c:175:6:CAN1_Tx	40	static
../Core/Src/main.c:203:6:CAN_Filter_Config	48	static
../Core/Src/main.c:223:6:Error_Handler	4	static
../Core/Src/main.c:227:6:HAL_CAN_TxMailbox0CompleteCallback	72	static
../Core/Src/main.c:233:6:HAL_CAN_TxMailbox1CompleteCallback	72	static
../Core/Src/main.c:239:6:HAL_CAN_TxMailbox2CompleteCallback	72	static
../Core/Src/main.c:246:6:HAL_CAN_RxFifo0MsgPendingCallback	104	static
../Core/Src/main.c:279:6:HAL_CAN_ErrorCallback	72	static
../Core/Src/main.c:286:6:HAL_TIM_PeriodElapsedCallback	16	static
../Core/Src/main.c:292:6:LED_Manage_Output	16	static
../Core/Src/main.c:326:6:Send_Response	48	static
